src/components/form/stock/StockAuditForm.tsx(27,9): error TS2339: Property 'name' does not exist on type 'Product'.
src/components/form/stock/StockAuditForm.tsx(28,9): error TS2339: Property 'active_ingredient' does not exist on type 'Product'.
src/components/form/stock/StockAuditForm.tsx(36,22): error TS2339: Property 'name' does not exist on type 'Product'.
src/components/form/stock/StockAuditForm.tsx(37,15): error TS2339: Property 'weight_unit' does not exist on type 'Product'.
src/components/form/stock/StockAuditForm.tsx(38,22): error TS2339: Property 'current_stock' does not exist on type 'Product'.
src/components/form/stock/StockAuditForm.tsx(39,22): error TS2339: Property 'current_stock' does not exist on type 'Product'.
src/components/form/stock/StockAuditForm.tsx(52,55): error TS2339: Property 'cost_price' does not exist on type 'Product'.
src/components/form/stock/StockAuditForm.tsx(111,31): error TS2339: Property 'image_style' does not exist on type 'Product'.
src/components/form/stock/StockAuditForm.tsx(113,82): error TS2339: Property 'name' does not exist on type 'Product'.
src/components/form/stock/StockAuditForm.tsx(114,100): error TS2339: Property 'current_stock' does not exist on type 'Product'.
src/components/form/stock/StockDisposalForm.tsx(27,9): error TS2339: Property 'name' does not exist on type 'Product'.
src/components/form/stock/StockDisposalForm.tsx(34,25): error TS2339: Property 'cost_price' does not exist on type 'Product'.
src/components/form/stock/StockDisposalForm.tsx(34,52): error TS2339: Property 'price' does not exist on type 'Product'.
src/components/form/stock/StockDisposalForm.tsx(37,22): error TS2339: Property 'name' does not exist on type 'Product'.
src/components/form/stock/StockDisposalForm.tsx(38,15): error TS2339: Property 'weight_unit' does not exist on type 'Product'.
src/components/form/stock/StockDisposalForm.tsx(107,31): error TS2339: Property 'image_style' does not exist on type 'Product'.
src/components/form/stock/StockDisposalForm.tsx(109,82): error TS2339: Property 'name' does not exist on type 'Product'.
src/components/form/stock/StockDisposalForm.tsx(110,100): error TS2339: Property 'current_stock' does not exist on type 'Product'.
src/components/product/ProductRow.tsx(24,57): error TS2339: Property 'image_style' does not exist on type 'Product'.
src/components/product/ProductRow.tsx(24,158): error TS2339: Property 'name' does not exist on type 'Product'.
src/components/product/ProductRow.tsx(28,112): error TS2339: Property 'name' does not exist on type 'Product'.
src/components/product/ProductRow.tsx(29,117): error TS2339: Property 'active_ingredient' does not exist on type 'Product'.
src/components/product/ProductRow.tsx(31,112): error TS2339: Property 'price' does not exist on type 'Product'.
src/components/ProductModal.tsx(44,50): error TS2339: Property 'price' does not exist on type 'Product'.
src/components/ProductModal.tsx(44,80): error TS2339: Property 'price' does not exist on type 'Product'.
src/components/ProductModal.tsx(46,35): error TS2339: Property 'price_modifier' does not exist on type 'ProductVariant'.
src/components/ProductModal.tsx(55,58): error TS2339: Property 'label' does not exist on type 'ProductVariant'.
src/components/ProductModal.tsx(55,85): error TS2339: Property 'origin' does not exist on type 'ProductVariant'.
src/components/ProductModal.tsx(77,127): error TS2339: Property 'name' does not exist on type 'Product'.
src/components/ProductModal.tsx(79,44): error TS2339: Property 'active_ingredient' does not exist on type 'Product'.
src/components/ProductModal.tsx(79,81): error TS2339: Property 'category' does not exist on type 'Product'.
src/components/ProductModal.tsx(90,40): error TS2339: Property 'image_style' does not exist on type 'Product'.
src/components/ProductModal.tsx(90,73): error TS2339: Property 'name' does not exist on type 'Product'.
src/components/ProductModal.tsx(134,28): error TS2339: Property 'label' does not exist on type 'ProductVariant'.
src/components/ProductModal.tsx(137,48): error TS2339: Property 'origin' does not exist on type 'ProductVariant'.
