[96mmocks/product.ts[0m:[93m1[0m:[93m25[0m - [91merror[0m[90m TS2307: [0mCannot find module '@/types/product' or its corresponding type declarations.

[7m1[0m import { Product } from "@/types/product";
[7m [0m [91m                        ~~~~~~~~~~~~~~~~~[0m


Found 1 error in mocks/product.ts[90m:1[0m

